data[]
data[].application_number
data[].blacklist_flags_count
data[].company_id
data[].company_moderation_status
data[].company_name
data[].confirmation
data[].confirmation_datetime
data[].data_approval
data[].has_blank_template
data[].has_files
data[].has_free_parking
data[].has_open_supplement
data[].has_roof_access
data[].has_status_update
data[].has_unseen_questions
data[].id
data[].is_read
data[].message
data[].organization_id
data[].organization_moderation_status
data[].organization_name
data[].reading_datetime
data[].responsible_comment
data[].responsible_full_name
data[].responsible_name
data[].responsible_user_id
data[].sender_full_name
data[].sender_is_important
data[].sender_name
data[].sender_user_id
data[].sending_datetime
data[].status
