data.application_number
data.company_id
data.company_moderation_status
data.company_name
data.confirmation
data.confirmation_datetime
data.data_approval
data.has_unoverridden_blacklist_flags
data.id
data.message
data.open_supplement
data.open_supplement.comment
data.open_supplement.counts
data.open_supplement.counts.employees
data.open_supplement.counts.items
data.open_supplement.counts.vehicles
data.open_supplement.created_at
data.open_supplement.created_by_name
data.open_supplement.created_by_user_id
data.open_supplement.id
data.open_supplement.number
data.open_supplement.status
data.organization_id
data.organization_moderation_status
data.organization_name
data.reading_datetime
data.responsible_comment
data.responsible_full_name
data.responsible_name
data.responsible_user_id
data.responsible_users
data.sender_full_name
data.sender_is_important
data.sender_name
data.sender_user_id
data.sending_datetime
data.status
data.supplements_count
